<?xml version="1.0" encoding="utf-8"?><testsuites name="pytest tests"><testsuite name="pytest" errors="0" failures="0" skipped="0" tests="14" time="0.035" timestamp="2026-04-06T16:45:51.126753-07:00" hostname="craig"><testcase classname="tests.test_optimal.TestOptimalStrategy" name="test_is_dict" time="0.000" /><testcase classname="tests.test_optimal.TestOptimalStrategy" name="test_completeness_360_regular_entries" time="0.000" /><testcase classname="tests.test_optimal.TestOptimalStrategy" name="test_valid_actions" time="0.000" /><testcase classname="tests.test_optimal.TestOptimalStrategy" name="test_hard_17_plus_stand" time="0.000" /><testcase classname="tests.test_optimal.TestOptimalStrategy" name="test_hard_8_hit" time="0.000" /><testcase classname="tests.test_optimal.TestOptimalStrategy" name="test_hard_11_doubles" time="0.000" /><testcase classname="tests.test_optimal.TestOptimalStrategy" name="test_hard_11_vs_ace" time="0.000" /><testcase classname="tests.test_optimal.TestOptimalStrategy" name="test_soft_20_stand" time="0.000" /><testcase classname="tests.test_optimal.TestOptimalStrategy" name="test_hard_12_vs_4_stand" time="0.000" /><testcase classname="tests.test_optimal.TestOptimalStrategy" name="test_hard_12_vs_2_hit" time="0.000" /><testcase classname="tests.test_optimal.TestOptimalStrategy" name="test_soft_18_vs_9_hit" time="0.000" /><testcase classname="tests.test_optimal.TestOptimalStrategy" name="test_soft_18_vs_2_stand" time="0.000" /><testcase classname="tests.test_optimal.TestOptimalStrategy" name="test_soft_18_vs_5_double" time="0.000" /><testcase classname="tests.test_optimal.TestOptimalStrategy" name="test_state_tuple_format" time="0.000" /></testsuite></testsuites>